18:37:23 **** Incremental Build of configuration Default for project MandL_Project ****
make all 
[1;34mCompiling main.c[0m
main.c: In function 'main':
main.c:71:5: warning: function declaration isn't a prototype [-Wstrict-prototypes]
     int get_selector();
     ^~~
main.c:168:21: warning: iteration 7 invokes undefined behavior [-Waggressive-loop-optimizations]
      prox_values[i] = get_calibrated_prox(i);
      ~~~~~~~~~~~~~~~^~~~~~~~~~~~~~~~~~~~~~~~
main.c:167:5: note: within this loop
     for(int i = 0; i<=7; i += 1){
     ^~~
main.c:118:24: warning: iteration 7 invokes undefined behavior [-Waggressive-loop-optimizations]
         prox_values[i] = get_calibrated_prox(i);
         ~~~~~~~~~~~~~~~^~~~~~~~~~~~~~~~~~~~~~~~
main.c:117:8: note: within this loop
        for(int i = 0; i<=7; i += 1){
        ^~~
main.c:90:27: warning: iteration 7 invokes undefined behavior [-Waggressive-loop-optimizations]
            prox_values[i] = get_calibrated_prox(i);
            ~~~~~~~~~~~~~~~^~~~~~~~~~~~~~~~~~~~~~~~
main.c:89:8: note: within this loop
        for(int i = 0; i<=7; i += 1){
        ^~~
main.c:125:34: warning: 'prox_values[7]' may be used uninitialized in this function [-Wmaybe-uninitialized]
        if (prox_values[0] > 2000 || prox_values[7] > 2000) {
            ~~~~~~~~~~~~~~~~~~~~~~^~~~~~~~~~~~~~~~~~~~~~~~
[1;34mLinking build/Project_template.elf[0m
[1;34mCreating build/Project_template.hex[0m
[1;34mCreating build/Project_template.bin[0m
[1;34mCreating build/Project_template.dmp[0m

   text	   data	    bss	    dec	    hex	filename
  69988	   3028	  17532	  90548	  161b4	build/Project_template.elf
[1;34mCreating build/Project_template.list[0m

[1;34mDone[0m
